Microchip MPLAB XC8 Compiler V2.46

Linker command line:

-W-3 \
  --edf=C:\Program Files\Microchip\xc8\v2.46\pic\dat\20240104201356_en.msgs \
  -cn -h+dist/default/production\Smart_Home_SlaveMCU.production.sym \
  --cmf=dist/default/production\Smart_Home_SlaveMCU.production.cmf -z \
  -Q18F46K20 -oC:\Users\LEGION\AppData\Local\Temp\xcCspg0.2\driver_tmp_3.o \
  --defsym=__MPLAB_BUILD=1 --fixupoverflow=error \
  -Mdist/default/production/Smart_Home_SlaveMCU.production.map \
  --md=C:\Users\LEGION\AppData\Local\Temp\xcCspg0.2\driver_tmp_0.dat -E1 \
  -ver=XC8 Compiler --acfsm=1493 -ACODE=00h-0FFFFh -ACONST=00h-0FFFFh \
  -ASMALLCONST=01000h-010FFhx240 -AMEDIUMCONST=01000h-0FFFFh \
  -ACOMRAM=01h-05Fh -AABS1=00h-0F5Fh -ABIGRAM=01h-0F5Fh \
  -ARAM=060h-0FFh,0100h-01FFhx14,0F00h-0F5Fh -ABANK0=060h-0FFh \
  -ABANK1=0100h-01FFh -ABANK2=0200h-02FFh -ABANK3=0300h-03FFh \
  -ABANK4=0400h-04FFh -ABANK5=0500h-05FFh -ABANK6=0600h-06FFh \
  -ABANK7=0700h-07FFh -ABANK8=0800h-08FFh -ABANK9=0900h-09FFh \
  -ABANK10=0A00h-0AFFh -ABANK11=0B00h-0BFFh -ABANK12=0C00h-0CFFh \
  -ABANK13=0D00h-0DFFh -ABANK14=0E00h-0EFFh -ABANK15=0F00h-0F5Fh \
  -ASFR=0F60h-0FFFh -ABIGSFR=0F60h-0FFFh -ACONFIG=0300000h-030000Dh \
  -AIDLOC=0200000h-0200007h -AEEDATA=0F00000h-0F003FFh -peeprom_data=EEDATA \
  -preset_vec=00h,intcode=8h,intcodelo,powerup,init -pramtop=01000h \
  -psmallconst=SMALLCONST -pmediumconst=MEDIUMCONST -pconst=CONST \
  -AFARRAM=00h-00h \
  -prdata=COMRAM,nvrram=COMRAM,nvbit=COMRAM,rbss=COMRAM,rbit=COMRAM \
  -pfarbss=FARRAM,fardata=FARRAM,nvFARRAM=FARRAM \
  -pintsave_regs=BIGRAM,bigbss=BIGRAM,bigdata=BIGRAM -pbss=RAM \
  -pidata=CODE,irdata=CODE,ibigdata=CODE,ifardata=CODE -prparam=COMRAM \
  C:\Users\LEGION\AppData\Local\Temp\xcCspg0.2\driver_tmp_9.o \
  dist/default/production\Smart_Home_SlaveMCU.production.o 

Object code version is 3.11

Machine type is 18F46K20



                Name                               Link     Load   Length Selector   Space Scale
C:\Users\LEGION\AppData\Local\Temp\xcCspg0.2\driver_tmp_9.o
                config                           300000   300000        E        0       4
                init                                11E      11E        4        4       0
                reset_vec                             0        0        4        0       0
dist/default/production\Smart_Home_SlaveMCU.production.o
                intcode                               8        8      116        4       0
                config                           300000   300000        E        0       4
                temp                                 5C       5C        1        1       1
                smallconst                         1000     1000       34      800       0
                text38                             2712     2712        2      81A       0
                text37                             270E     270E        4      81A       0
                text36                             270A     270A        4      81A       0
                text35                             2680     2680       24      81A       0
                text34                             262C     262C       2E      81A       0
                text33                             2706     2706        4      81A       0
                text32                             2702     2702        4      81A       0
                text31                             26FE     26FE        4      81A       0
                text30                             26FA     26FA        4      81A       0
                text28                             1034     1034      4C0      81A       0
                text27                             14F4     14F4      39A      81A       0
                text26                             1D8E     1D8E      106      81A       0
                text25                             188E     188E      1B4      81A       0
                text24                             205A     205A       96      81A       0
                text23                             26C6     26C6       1A      81A       0
                text22                             24EA     24EA       44      81A       0
                text21                             26F4     26F4        6      81A       0
                text20                             1A42     1A42      12A      81A       0
                text19                             1B6C     1B6C      112      81A       0
                text18                             1C7E     1C7E      110      81A       0
                text17                             2430     2430       5E      81A       0
                text16                             252E     252E       40      81A       0
                text15                             2162     2162       6E      81A       0
                text14                             23D0     23D0       60      81A       0
                text13                             1E94     1E94       F6      81A       0
                text12                             265A     265A       26      81A       0
                text11                             22A4     22A4       66      81A       0
                text10                             26A4     26A4       22      81A       0
                text9                              26E0     26E0        E      81A       0
                text8                              248E     248E       5C      81A       0
                text7                              230A     230A       64      81A       0
                text6                              20F0     20F0       72      81A       0
                text5                              25FE     25FE       2E      81A       0
                text4                              25D0     25D0       2E      81A       0
                text3                              25A2     25A2       2E      81A       0
                text2                              223A     223A       6A      81A       0
                text1                              21D0     21D0       6A      81A       0
                text0                              1F8A     1F8A       D0      81A       0
                cstackCOMRAM                          1        1       47        1       1
                cstackBANK0                          E1       E1        2       60       1
                dataBANK0                            AD       AD       34       60       1
                bssBANK0                             60       60       4D       60       1
                dataCOMRAM                           56       56        6        1       1
                bssCOMRAM                            48       48        E        1       1
                cinit                              236E     236E       62      81A       0
                idataBANK0                         256E     256E       34      81A       0
                idataCOMRAM                        26EE     26EE        6      81A       0

TOTAL           Name                               Link     Load   Length     Space
        CLASS   CODE           
                intcode                               8        8      116         0
                init                                11E      11E        4         0
                reset_vec                             0        0        4         0
                text38                             2712     2712        2         0
                text37                             270E     270E        4         0
                text36                             270A     270A        4         0
                text35                             2680     2680       24         0
                text34                             262C     262C       2E         0
                text33                             2706     2706        4         0
                text32                             2702     2702        4         0
                text31                             26FE     26FE        4         0
                text30                             26FA     26FA        4         0
                text28                             1034     1034      4C0         0
                text27                             14F4     14F4      39A         0
                text26                             1D8E     1D8E      106         0
                text25                             188E     188E      1B4         0
                text24                             205A     205A       96         0
                text23                             26C6     26C6       1A         0
                text22                             24EA     24EA       44         0
                text21                             26F4     26F4        6         0
                text20                             1A42     1A42      12A         0
                text19                             1B6C     1B6C      112         0
                text18                             1C7E     1C7E      110         0
                text17                             2430     2430       5E         0
                text16                             252E     252E       40         0
                text15                             2162     2162       6E         0
                text14                             23D0     23D0       60         0
                text13                             1E94     1E94       F6         0
                text12                             265A     265A       26         0
                text11                             22A4     22A4       66         0
                text10                             26A4     26A4       22         0
                text9                              26E0     26E0        E         0
                text8                              248E     248E       5C         0
                text7                              230A     230A       64         0
                text6                              20F0     20F0       72         0
                text5                              25FE     25FE       2E         0
                text4                              25D0     25D0       2E         0
                text3                              25A2     25A2       2E         0
                text2                              223A     223A       6A         0
                text1                              21D0     21D0       6A         0
                text0                              1F8A     1F8A       D0         0
                cinit                              236E     236E       62         0
                idataBANK0                         256E     256E       34         0
                idataCOMRAM                        26EE     26EE        6         0

        CLASS   CONST          

        CLASS   SMALLCONST     
                smallconst                         1000     1000       34         0

        CLASS   MEDIUMCONST    

        CLASS   COMRAM         
                temp                                 5C       5C        1         1
                cstackCOMRAM                          1        1       47         1
                dataCOMRAM                           56       56        6         1
                bssCOMRAM                            48       48        E         1

        CLASS   ABS1           

        CLASS   BIGRAM         

        CLASS   RAM            

        CLASS   BANK0          
                cstackBANK0                          E1       E1        2         1
                dataBANK0                            AD       AD       34         1
                bssBANK0                             60       60       4D         1

        CLASS   BANK1          

        CLASS   BANK2          

        CLASS   BANK3          

        CLASS   BANK4          

        CLASS   BANK5          

        CLASS   BANK6          

        CLASS   BANK7          

        CLASS   BANK8          

        CLASS   BANK9          

        CLASS   BANK10         

        CLASS   BANK11         

        CLASS   BANK12         

        CLASS   BANK13         

        CLASS   BANK14         

        CLASS   BANK15         

        CLASS   SFR            

        CLASS   BIGSFR         

        CLASS   CONFIG         
                config                           300000   300000        E         4

        CLASS   IDLOC          

        CLASS   EEDATA         

        CLASS   FARRAM         

        CLASS   HEAP           

        CLASS   STACK          



SEGMENTS        Name                           Load    Length   Top    Selector   Space  Class

                reset_vec                      000000  000004  000004         0       0  CODE    
                cstackCOMRAM                   000001  00005C  00005D         1       1  COMRAM  
                intcode                        000008  00011A  000122         4       0  CODE    
                bssBANK0                       000060  000083  0000E3        60       1  BANK0   
                smallconst                     001000  000034  001034       800       0  SMALLCON
                text28                         001034  0016E0  002714       81A       0  CODE    


UNUSED ADDRESS RANGES

        Name                Unused          Largest block    Delta
        BANK0            0000E3-0000FF               1D
        BANK1            000100-0001FF              100
        BANK10           000A00-000AFF              100
        BANK11           000B00-000BFF              100
        BANK12           000C00-000CFF              100
        BANK13           000D00-000DFF              100
        BANK14           000E00-000EFF              100
        BANK15           000F00-000F5F               60
        BANK2            000200-0002FF              100
        BANK3            000300-0003FF              100
        BANK4            000400-0004FF              100
        BANK5            000500-0005FF              100
        BANK6            000600-0006FF              100
        BANK7            000700-0007FF              100
        BANK8            000800-0008FF              100
        BANK9            000900-0009FF              100
        BIGRAM           00005D-00005F                3
                         0000E3-000F5F              E7D
        BIGSFR           000F60-000FFF               A0
        CODE             000004-000007                4
                         000122-000FFF              EDE
                         002714-00FFFF             D8EC
        COMRAM           00005D-00005F                3
        CONST            000004-000007                4
                         000122-000FFF              EDE
                         002714-00FFFF             D8EC
        EEDATA           F00000-F003FF              400
        IDLOC            200000-200007                8
        MEDIUMCONST      002714-00FFFF             D8EC
        RAM              0000E3-000F5F              100
        SFR              000F60-000FFF               A0
        SMALLCONST       002714-00FFFF              100

                                  Symbol Table

?___fladd                                      cstackCOMRAM 00002A
?___fldiv                                      cstackCOMRAM 000011
?___fltol                                      cstackCOMRAM 00003A
?___xxtofl                                     cstackCOMRAM 000003
CCP_CaptureDataRead@F3373                      bssBANK0     0000A7
CCP_CompareSetValue@F3382                      bssBANK0     0000A5
I2C_MASTER_MODE_CLOCK_CONFIG@i2c_obj           cstackCOMRAM 000044
I2C_Slave_Mode_Config@i2c_obj                  cstackCOMRAM 000003
MSSP_I2C_Init@i2c_obj                          cstackCOMRAM 000046
MSSP_I2C_Interrupt_config@i2c_obj              cstackCOMRAM 000003
_ADCON0bits                                    (abs)        000FC2
_ADCON1bits                                    (abs)        000FC1
_ADCON2bits                                    (abs)        000FC0
_ADC_Interrupt_Handler                         bssCOMRAM    00004A
_ADRESH                                        (abs)        000FC4
_ADRESL                                        (abs)        000FC3
_ANSELHbits                                    (abs)        000F7F
_ANSELbits                                     (abs)        000F7E
_BAUDCONbits                                   (abs)        000FB8
_CCP1CONbits                                   (abs)        000FBD
_CCP1_Interrupt_Handler                        bssBANK0     0000AB
_CCP2CONbits                                   (abs)        000FBA
_CCP2_Interrupt_Handler                        bssBANK0     0000A9
_CCPR1H                                        (abs)        000FBF
_CCPR1L                                        (abs)        000FBE
_CCPR2H                                        (abs)        000FBC
_CCPR2L                                        (abs)        000FBB
_CFGS                                          (abs)        007D36
_EEADR                                         (abs)        000FA9
_EEADRH                                        (abs)        000FAA
_EECON1bits                                    (abs)        000FA6
_EECON2                                        (abs)        000FA7
_EEDATA                                        (abs)        000FA8
_EEPGD                                         (abs)        007D37
_EUSART_FramingError_Handler                   bssBANK0     00009F
_EUSART_OverrunError_Handler                   bssBANK0     00009D
_EUSART_RX_ISR                                 text38       002712
_EUSART_RX_Interrupt_Handler                   bssBANK0     0000A1
_EUSART_TX_ISR                                 text37       00270E
_EUSART_TX_Interrupt_Handler                   bssBANK0     0000A3
_I2C_DefaultInterruptHandler                   text35       002680
_I2C_Default_Interrupt_Handler                 bssCOMRAM    000048
_I2C_MASTER_MODE_CLOCK_CONFIG                  text24       00205A
_I2C_Report_Recieve_Overflow_Interrupt_Handler bssBANK0     000099
_I2C_Report_Write_Collision_Interrupt_Handler  bssBANK0     00009B
_I2C_Slave_Mode_Config                         text23       0026C6
_INT0_InterruptHandler                         bssBANK0     000097
_INT1_InterruptHandler                         bssBANK0     000095
_INT2_InterruptHandler                         bssBANK0     000093
_INTCON2bits                                   (abs)        000FF1
_INTCON3bits                                   (abs)        000FF0
_INTCONbits                                    (abs)        000FF2
_IOCBbits                                      (abs)        000F7D
_InterruptManager                              intcode      000008
_LATA                                          (abs)        000F89
_LATB                                          (abs)        000F8A
_LATC                                          (abs)        000F8B
_LATD                                          (abs)        000F8C
_LATE                                          (abs)        000F8D
_MSSP_I2C_BC_ISR                               text36       00270A
_MSSP_I2C_ISR                                  text34       00262C
_MSSP_I2C_Init                                 text20       001A42
_MSSP_I2C_Interrupt_config                     text22       0024EA
_MSSP_I2C_MODE_GPIO_CFG                        text21       0026F4
_PIE1bits                                      (abs)        000F9D
_PIE2bits                                      (abs)        000FA0
_PIR1bits                                      (abs)        000F9E
_PIR2bits                                      (abs)        000FA1
_PORTA                                         (abs)        000F80
_PORTB                                         (abs)        000F81
_PORTC                                         (abs)        000F82
_PORTD                                         (abs)        000F83
_PORTE                                         (abs)        000F84
_RB4_InterruptHandlerHigh                      bssBANK0     00008F
_RB4_InterruptHandlerLow                       bssBANK0     000091
_RB5_InterruptHandlerHigh                      bssBANK0     00008B
_RB5_InterruptHandlerLow                       bssBANK0     00008D
_RB6_InterruptHandlerHigh                      bssBANK0     000087
_RB6_InterruptHandlerLow                       bssBANK0     000089
_RB7_InterruptHandlerHigh                      bssBANK0     000083
_RB7_InterruptHandlerLow                       bssBANK0     000085
_RCREG                                         (abs)        000FAE
_RCSTAbits                                     (abs)        000FAB
_Rec_TC74_Temp_Val                             bssCOMRAM    00004D
_SPBRG                                         (abs)        000FAF
_SPBRGH                                        (abs)        000FB0
_SSPADD                                        (abs)        000FC8
_SSPBUF                                        (abs)        000FC9
_SSPCON1bits                                   (abs)        000FC6
_SSPCON2bits                                   (abs)        000FC5
_SSPSTATbits                                   (abs)        000FC7
_T0CONbits                                     (abs)        000FD5
_T1CONbits                                     (abs)        000FCD
_T2CONbits                                     (abs)        000FCA
_T3CONbits                                     (abs)        000FB1
_TMR0H                                         (abs)        000FD7
_TMR0L                                         (abs)        000FD6
_TMR0_ISR                                      text33       002706
_TMR1H                                         (abs)        000FCF
_TMR1L                                         (abs)        000FCE
_TMR1_ISR                                      text32       002702
_TMR2                                          (abs)        000FCC
_TMR2_ISR                                      text31       0026FE
_TMR3H                                         (abs)        000FB3
_TMR3L                                         (abs)        000FB2
_TMR3_ISR                                      text30       0026FA
_TRISA                                         (abs)        000F92
_TRISB                                         (abs)        000F93
_TRISC                                         (abs)        000F94
_TRISD                                         (abs)        000F95
_TRISE                                         (abs)        000F96
_TXREG                                         (abs)        000FAD
_TXSTAbits                                     (abs)        000FAC
_Timer0_InterruptHandler                       bssBANK0     000081
_Timer1_InterruptHandler                       bssBANK0     00007D
_Timer2_InterruptHandler                       bssBANK0     000079
_Timer3_InterruptHandler                       bssBANK0     000077
__HRAM                                         (abs)        000000
__H__absolute__                                __absolute__ 000000
__Habs1                                        abs1         000000
__Hbank0                                       bank0        000000
__Hbank1                                       bank1        000000
__Hbank10                                      bank10       000000
__Hbank11                                      bank11       000000
__Hbank12                                      bank12       000000
__Hbank13                                      bank13       000000
__Hbank14                                      bank14       000000
__Hbank15                                      bank15       000000
__Hbank2                                       bank2        000000
__Hbank3                                       bank3        000000
__Hbank4                                       bank4        000000
__Hbank5                                       bank5        000000
__Hbank6                                       bank6        000000
__Hbank7                                       bank7        000000
__Hbank8                                       bank8        000000
__Hbank9                                       bank9        000000
__Hbigbss                                      bigbss       000000
__Hbigdata                                     bigdata      000000
__Hbigram                                      bigram       000000
__Hbigsfr                                      bigsfr       000000
__Hbss                                         bss          000000
__HbssBANK0                                    bssBANK0     000000
__HbssCOMRAM                                   bssCOMRAM    000000
__Hcinit                                       cinit        000000
__Hclrtext                                     clrtext      000000
__Hcomram                                      comram       000000
__Hconfig                                      config       30000E
__Hconst                                       const        000000
__HcstackBANK0                                 cstackBANK0  000000
__HcstackCOMRAM                                cstackCOMRAM 000000
__Hdata                                        data         000000
__HdataBANK0                                   dataBANK0    000000
__HdataCOMRAM                                  dataCOMRAM   000000
__Heeprom_data                                 eeprom_data  000000
__Hfarbss                                      farbss       000000
__Hfardata                                     fardata      000000
__Hheap                                        heap         000000
__Hibigdata                                    ibigdata     000000
__Hidata                                       idata        000000
__HidataBANK0                                  idataBANK0   000000
__HidataCOMRAM                                 idataCOMRAM  000000
__Hidloc                                       idloc        000000
__Hifardata                                    ifardata     000000
__Hinit                                        init         000122
__Hintcode                                     intcode      00011E
__Hintcode_body                                intcode_body 000000
__Hintcodelo                                   intcodelo    00011E
__Hintentry                                    intentry     000000
__Hintret                                      intret       000000
__Hintsave_regs                                intsave_regs 000000
__Hirdata                                      irdata       000000
__Hmediumconst                                 mediumconst  000000
__HnvFARRAM                                    nvFARRAM     000000
__Hnvbit                                       nvbit        000000
__Hnvrram                                      nvrram       000000
__Hparam                                       rparam       000000
__Hpowerup                                     powerup      00011E
__Hram                                         ram          000000
__Hramtop                                      ramtop       001000
__Hrbit                                        rbit         000000
__Hrbss                                        rbss         000000
__Hrdata                                       rdata        000000
__Hreset_vec                                   reset_vec    000004
__Hrparam                                      rparam       000000
__Hsfr                                         sfr          000000
__Hsivt_hi                                     sivt_hi      000000
__Hsivt_lo                                     sivt_lo      000000
__Hsmallconst                                  smallconst   001034
__Hspace_0                                     (abs)        002714
__Hspace_1                                     (abs)        0000E3
__Hspace_2                                     (abs)        000000
__Hspace_4                                     (abs)        60000E
__Hstack                                       stack        000000
__Hstruct                                      struct       000000
__Htemp                                        temp         00005D
__Htext                                        text         000000
__Htext0                                       text0        000000
__Htext1                                       text1        000000
__Htext10                                      text10       000000
__Htext11                                      text11       000000
__Htext12                                      text12       000000
__Htext13                                      text13       000000
__Htext14                                      text14       000000
__Htext15                                      text15       000000
__Htext16                                      text16       000000
__Htext17                                      text17       000000
__Htext18                                      text18       000000
__Htext19                                      text19       000000
__Htext2                                       text2        000000
__Htext20                                      text20       000000
__Htext21                                      text21       000000
__Htext22                                      text22       000000
__Htext23                                      text23       000000
__Htext24                                      text24       000000
__Htext25                                      text25       000000
__Htext26                                      text26       000000
__Htext27                                      text27       000000
__Htext28                                      text28       000000
__Htext3                                       text3        000000
__Htext30                                      text30       000000
__Htext31                                      text31       000000
__Htext32                                      text32       000000
__Htext33                                      text33       000000
__Htext34                                      text34       000000
__Htext35                                      text35       000000
__Htext36                                      text36       000000
__Htext37                                      text37       000000
__Htext38                                      text38       000000
__Htext4                                       text4        000000
__Htext5                                       text5        000000
__Htext6                                       text6        000000
__Htext7                                       text7        000000
__Htext8                                       text8        000000
__Htext9                                       text9        000000
__LRAM                                         (abs)        000001
__L__absolute__                                __absolute__ 000000
__Labs1                                        abs1         000000
__Lbank0                                       bank0        000000
__Lbank1                                       bank1        000000
__Lbank10                                      bank10       000000
__Lbank11                                      bank11       000000
__Lbank12                                      bank12       000000
__Lbank13                                      bank13       000000
__Lbank14                                      bank14       000000
__Lbank15                                      bank15       000000
__Lbank2                                       bank2        000000
__Lbank3                                       bank3        000000
__Lbank4                                       bank4        000000
__Lbank5                                       bank5        000000
__Lbank6                                       bank6        000000
__Lbank7                                       bank7        000000
__Lbank8                                       bank8        000000
__Lbank9                                       bank9        000000
__Lbigbss                                      bigbss       000000
__Lbigdata                                     bigdata      000000
__Lbigram                                      bigram       000000
__Lbigsfr                                      bigsfr       000000
__Lbss                                         bss          000000
__LbssBANK0                                    bssBANK0     000000
__LbssCOMRAM                                   bssCOMRAM    000000
__Lcinit                                       cinit        000000
__Lclrtext                                     clrtext      000000
__Lcomram                                      comram       000000
__Lconfig                                      config       000000
__Lconst                                       const        000000
__LcstackBANK0                                 cstackBANK0  000000
__LcstackCOMRAM                                cstackCOMRAM 000000
__Ldata                                        data         000000
__LdataBANK0                                   dataBANK0    000000
__LdataCOMRAM                                  dataCOMRAM   000000
__Leeprom_data                                 eeprom_data  000000
__Lfarbss                                      farbss       000000
__Lfardata                                     fardata      000000
__Lheap                                        heap         000000
__Libigdata                                    ibigdata     000000
__Lidata                                       idata        000000
__LidataBANK0                                  idataBANK0   000000
__LidataCOMRAM                                 idataCOMRAM  000000
__Lidloc                                       idloc        000000
__Lifardata                                    ifardata     000000
__Linit                                        init         00011E
__Lintcode                                     intcode      000008
__Lintcode_body                                intcode_body 000000
__Lintcodelo                                   intcodelo    00011E
__Lintentry                                    intentry     000000
__Lintret                                      intret       000000
__Lintsave_regs                                intsave_regs 000000
__Lirdata                                      irdata       000000
__Lmediumconst                                 mediumconst  000000
__LnvFARRAM                                    nvFARRAM     000000
__Lnvbit                                       nvbit        000000
__Lnvrram                                      nvrram       000000
__Lparam                                       rparam       000000
__Lpowerup                                     powerup      00011E
__Lram                                         ram          000000
__Lramtop                                      ramtop       001000
__Lrbit                                        rbit         000000
__Lrbss                                        rbss         000000
__Lrdata                                       rdata        000000
__Lreset_vec                                   reset_vec    000000
__Lrparam                                      rparam       000000
__Lsfr                                         sfr          000000
__Lsivt_hi                                     sivt_hi      000000
__Lsivt_lo                                     sivt_lo      000000
__Lsmallconst                                  smallconst   001000
__Lspace_0                                     (abs)        000000
__Lspace_1                                     (abs)        000000
__Lspace_2                                     (abs)        000000
__Lspace_4                                     (abs)        000000
__Lstack                                       stack        000000
__Lstruct                                      struct       000000
__Ltemp                                        temp         00005C
__Ltext                                        text         000000
__Ltext0                                       text0        000000
__Ltext1                                       text1        000000
__Ltext10                                      text10       000000
__Ltext11                                      text11       000000
__Ltext12                                      text12       000000
__Ltext13                                      text13       000000
__Ltext14                                      text14       000000
__Ltext15                                      text15       000000
__Ltext16                                      text16       000000
__Ltext17                                      text17       000000
__Ltext18                                      text18       000000
__Ltext19                                      text19       000000
__Ltext2                                       text2        000000
__Ltext20                                      text20       000000
__Ltext21                                      text21       000000
__Ltext22                                      text22       000000
__Ltext23                                      text23       000000
__Ltext24                                      text24       000000
__Ltext25                                      text25       000000
__Ltext26                                      text26       000000
__Ltext27                                      text27       000000
__Ltext28                                      text28       000000
__Ltext3                                       text3        000000
__Ltext30                                      text30       000000
__Ltext31                                      text31       000000
__Ltext32                                      text32       000000
__Ltext33                                      text33       000000
__Ltext34                                      text34       000000
__Ltext35                                      text35       000000
__Ltext36                                      text36       000000
__Ltext37                                      text37       000000
__Ltext38                                      text38       000000
__Ltext4                                       text4        000000
__Ltext5                                       text5        000000
__Ltext6                                       text6        000000
__Ltext7                                       text7        000000
__Ltext8                                       text8        000000
__Ltext9                                       text9        000000
__S0                                           (abs)        002714
__S1                                           (abs)        0000E3
__S4                                           (abs)        000000
__S5                                           (abs)        000000
___fladd                                       text28       001034
___fladd@a                                     cstackCOMRAM 00002E
___fladd@aexp                                  cstackCOMRAM 000037
___fladd@b                                     cstackCOMRAM 00002A
___fladd@bexp                                  cstackCOMRAM 000038
___fladd@grs                                   cstackCOMRAM 000039
___fladd@signs                                 cstackCOMRAM 000036
___fldiv                                       text27       0014F4
___fldiv@a                                     cstackCOMRAM 000015
___fldiv@aexp                                  cstackCOMRAM 000029
___fldiv@b                                     cstackCOMRAM 000011
___fldiv@bexp                                  cstackCOMRAM 000028
___fldiv@grs                                   cstackCOMRAM 000024
___fldiv@new_exp                               cstackCOMRAM 000022
___fldiv@rem                                   cstackCOMRAM 00001D
___fldiv@sign                                  cstackCOMRAM 000021
___fltol                                       text26       001D8E
___fltol@exp1                                  cstackCOMRAM 000043
___fltol@f1                                    cstackCOMRAM 00003A
___fltol@sign1                                 cstackCOMRAM 000042
___heap_hi                                     (abs)        000000
___heap_lo                                     (abs)        000000
___inthi_sp                                    stack        000000
___inthi_stack_hi                              stack        000000
___inthi_stack_lo                              stack        000000
___intlo_sp                                    stack        000000
___intlo_stack_hi                              stack        000000
___intlo_stack_lo                              stack        000000
___param_bank                                  (abs)        000000
___rparam_used                                 (abs)        000001
___sp                                          stack        000000
___stack_hi                                    stack        000000
___stack_lo                                    stack        000000
___xxtofl                                      text25       00188E
___xxtofl@arg                                  cstackCOMRAM 00000D
___xxtofl@exp                                  cstackCOMRAM 00000C
___xxtofl@sign                                 cstackCOMRAM 00000B
___xxtofl@val                                  cstackCOMRAM 000003
__accesstop                                    (abs)        000060
__activetblptr                                 (abs)        000003
__end_of_EUSART_RX_ISR                         text38       002714
__end_of_EUSART_TX_ISR                         text37       002712
__end_of_I2C_DefaultInterruptHandler           text35       0026A4
__end_of_I2C_MASTER_MODE_CLOCK_CONFIG          text24       0020F0
__end_of_I2C_Slave_Mode_Config                 text23       0026E0
__end_of_InterruptManager                      intcode      00011E
__end_of_MSSP_I2C_BC_ISR                       text36       00270E
__end_of_MSSP_I2C_ISR                          text34       00265A
__end_of_MSSP_I2C_Init                         text20       001B6C
__end_of_MSSP_I2C_Interrupt_config             text22       00252E
__end_of_MSSP_I2C_MODE_GPIO_CFG                text21       0026FA
__end_of_TMR0_ISR                              text33       00270A
__end_of_TMR1_ISR                              text32       002706
__end_of_TMR2_ISR                              text31       002702
__end_of_TMR3_ISR                              text30       0026FE
__end_of___fladd                               text28       0014F4
__end_of___fldiv                               text27       00188E
__end_of___fltol                               text26       001E94
__end_of___xxtofl                              text25       001A42
__end_of__initialization                       cinit        0023C6
__end_of_application_initialize                text9        0026EE
__end_of_ecu_layer_initialize                  text10       0026C6
__end_of_gpio_pin_direction_initializion       text19       001C7E
__end_of_gpio_pin_initialization               text17       00248E
__end_of_gpio_pin_write_logic                  text18       001D8E
__end_of_keypad_value                          smallconst   00100D
__end_of_lcd_4bit_initialize                   text13       001F8A
__end_of_lcd_4bit_send_char_data               text8        0024EA
__end_of_lcd_4bit_send_char_string_pos         text6        002162
__end_of_lcd_4bit_send_command                 text14       002430
__end_of_lcd_4bit_send_enable_signal           text16       00256E
__end_of_lcd_4bit_set_cusrsor                  text7        00236E
__end_of_lcd_send_4bit                         text15       0021D0
__end_of_main                                  text0        00205A
__end_of_motor_initialization                  text12       002680
__end_of_motor_move_backward                   text5        00262C
__end_of_motor_move_forward                    text4        0025FE
__end_of_motor_stop                            text3        0025D0
__end_of_relay_initialization                  text11       00230A
__end_of_relay_turn_off                        text2        0022A4
__end_of_relay_turn_on                         text1        00223A
__initialization                               cinit        00236E
__mediumconst                                  mediumconst  000000
__pbssBANK0                                    bssBANK0     000060
__pbssCOMRAM                                   bssCOMRAM    000048
__pcinit                                       cinit        00236E
__pcstackBANK0                                 cstackBANK0  0000E1
__pcstackCOMRAM                                cstackCOMRAM 000001
__pdataBANK0                                   dataBANK0    0000AD
__pdataCOMRAM                                  dataCOMRAM   000056
__pidataBANK0                                  idataBANK0   00256E
__pidataCOMRAM                                 idataCOMRAM  0026EE
__pintcode                                     intcode      000008
__psmallconst                                  smallconst   001000
__ptext0                                       text0        001F8A
__ptext1                                       text1        0021D0
__ptext10                                      text10       0026A4
__ptext11                                      text11       0022A4
__ptext12                                      text12       00265A
__ptext13                                      text13       001E94
__ptext14                                      text14       0023D0
__ptext15                                      text15       002162
__ptext16                                      text16       00252E
__ptext17                                      text17       002430
__ptext18                                      text18       001C7E
__ptext19                                      text19       001B6C
__ptext2                                       text2        00223A
__ptext20                                      text20       001A42
__ptext21                                      text21       0026F4
__ptext22                                      text22       0024EA
__ptext23                                      text23       0026C6
__ptext24                                      text24       00205A
__ptext25                                      text25       00188E
__ptext26                                      text26       001D8E
__ptext27                                      text27       0014F4
__ptext28                                      text28       001034
__ptext3                                       text3        0025A2
__ptext30                                      text30       0026FA
__ptext31                                      text31       0026FE
__ptext32                                      text32       002702
__ptext33                                      text33       002706
__ptext34                                      text34       00262C
__ptext35                                      text35       002680
__ptext36                                      text36       00270A
__ptext37                                      text37       00270E
__ptext38                                      text38       002712
__ptext4                                       text4        0025D0
__ptext5                                       text5        0025FE
__ptext6                                       text6        0020F0
__ptext7                                       text7        00230A
__ptext8                                       text8        00248E
__ptext9                                       text9        0026E0
__ramtop                                       ramtop       001000
__smallconst                                   smallconst   001000
_application_initialize                        text9        0026E0
_ecu_layer_initialize                          text10       0026A4
_gpio_pin_direction_initializion               text19       001B6C
_gpio_pin_initialization                       text17       002430
_gpio_pin_write_logic                          text18       001C7E
_keypad_value                                  smallconst   001001
_lat_register                                  dataBANK0    0000B7
_lcd_1                                         dataBANK0    0000DB
_lcd_4bit_initialize                           text13       001E94
_lcd_4bit_send_char_data                       text8        00248E
_lcd_4bit_send_char_string_pos                 text6        0020F0
_lcd_4bit_send_command                         text14       0023D0
_lcd_4bit_send_enable_signal                   text16       00252E
_lcd_4bit_set_cusrsor                          text7        00230A
_lcd_send_4bit                                 text15       002162
_main                                          text0        001F8A
_motor1                                        dataCOMRAM   000059
_motor2                                        dataCOMRAM   000057
_motor_initialization                          text12       00265A
_motor_move_backward                           text5        0025FE
_motor_move_forward                            text4        0025D0
_motor_stop                                    text3        0025A2
_mssp_i2c2                                     dataBANK0    0000CB
_port_register                                 dataBANK0    0000AD
_relay1                                        dataCOMRAM   00005B
_relay_initialization                          text11       0022A4
_relay_turn_off                                text2        00223A
_relay_turn_on                                 text1        0021D0
_ret                                           dataCOMRAM   000056
_str                                           bssCOMRAM    00004C
_timer0_preload_val                            bssBANK0     00007F
_timer1_preload_val                            bssBANK0     00007B
_timer2_preload_val                            bssCOMRAM    00004E
_timer3_preload_val                            bssBANK0     000075
_tris_register                                 dataBANK0    0000C1
btemp                                          temp         00005C
end_of_initialization                          cinit        0023C6
gpio_pin_direction_initializion@pin_config     cstackCOMRAM 000003
gpio_pin_direction_initializion@ret            cstackCOMRAM 000009
gpio_pin_initialization@pin_config             cstackCOMRAM 00000B
gpio_pin_initialization@ret                    cstackCOMRAM 00000D
gpio_pin_write_logic@logic                     cstackCOMRAM 000004
gpio_pin_write_logic@pin_config                cstackCOMRAM 000003
gpio_pin_write_logic@ret                       cstackCOMRAM 00000A
int$flags                                      temp         00005C
intlevel0                                      text         000000
intlevel1                                      text         000000
intlevel2                                      text         000000
intlevel3                                      text         000000
isa$std                                        (abs)        000001
isa$xinst                                      (abs)        000000
lcd_4bit_initialize@l_counter                  cstackCOMRAM 000015
lcd_4bit_initialize@lcd                        cstackCOMRAM 000011
lcd_4bit_initialize@ret                        cstackCOMRAM 000014
lcd_4bit_send_char_data@data                   cstackCOMRAM 00000F
lcd_4bit_send_char_data@lcd                    cstackCOMRAM 00000E
lcd_4bit_send_char_data@ret                    cstackCOMRAM 000010
lcd_4bit_send_char_string_pos@col              cstackCOMRAM 000017
lcd_4bit_send_char_string_pos@lcd              cstackCOMRAM 000015
lcd_4bit_send_char_string_pos@row              cstackCOMRAM 000016
lcd_4bit_send_char_string_pos@str              cstackCOMRAM 000018
lcd_4bit_send_command@command                  cstackCOMRAM 00000F
lcd_4bit_send_command@lcd                      cstackCOMRAM 00000E
lcd_4bit_send_command@ret                      cstackCOMRAM 000010
lcd_4bit_send_enable_signal@lcd                cstackCOMRAM 00000B
lcd_4bit_send_enable_signal@ret                cstackCOMRAM 00000C
lcd_4bit_set_cusrsor@col                       cstackCOMRAM 000013
lcd_4bit_set_cusrsor@lcd                       cstackCOMRAM 000011
lcd_4bit_set_cusrsor@ret                       cstackCOMRAM 000014
lcd_4bit_set_cusrsor@row                       cstackCOMRAM 000012
lcd_send_4bit@_command                         cstackCOMRAM 00000C
lcd_send_4bit@lcd                              cstackCOMRAM 00000B
lcd_send_4bit@ret                              cstackCOMRAM 00000D
led_initialization@F3310                       bssCOMRAM    000055
led_toggle@F3325                               bssCOMRAM    000052
led_turn_off@F3320                             bssCOMRAM    000053
led_turn_on@F3315                              bssCOMRAM    000054
motor_initialization@motor                     cstackCOMRAM 00000E
motor_move_backward@motor                      cstackCOMRAM 00000B
motor_move_forward@motor                       cstackCOMRAM 00000B
motor_stop@motor                               cstackCOMRAM 00000B
relay_initialization@F3304                     bssCOMRAM    000051
relay_initialization@pin_obj                   cstackCOMRAM 000010
relay_initialization@relay                     cstackCOMRAM 00000E
relay_turn_off@F3314                           bssCOMRAM    00004F
relay_turn_off@pin_obj                         cstackCOMRAM 00000D
relay_turn_off@relay                           cstackCOMRAM 00000B
relay_turn_on@F3309                            bssCOMRAM    000050
relay_turn_on@pin_obj                          cstackCOMRAM 00000D
relay_turn_on@relay                            cstackCOMRAM 00000B
stackhi                                        (abs)        000000
stacklo                                        (abs)        000000
start                                          init         00011E
start_initialization                           cinit        00236E
ttemp5                                         temp         00005D
ttemp6                                         temp         000060
ttemp7                                         temp         000064
wtemp8                                         temp         00005D


MODULE INFORMATION

Module		Function		Class		Link	Load	Size
C:\Program Files\Microchip\xc8\v2.46\pic\sources\c99\common\fltol.c
		___fltol       		CODE           	1D8E	0000	262

C:\Program Files\Microchip\xc8\v2.46\pic\sources\c99\common\fltol.c estimated size: 262

ECU_Layer/relay/ecu_relay.c
		_relay_turn_off		CODE           	223A	0000	106
		_relay_initialization		CODE           	22A4	0000	102
		_relay_turn_on 		CODE           	21D0	0000	106

ECU_Layer/relay/ecu_relay.c estimated size: 314

C:\Program Files\Microchip\xc8\v2.46\pic\sources\c99\common\xxtofl.c
		___xxtofl      		CODE           	188E	0000	436

C:\Program Files\Microchip\xc8\v2.46\pic\sources\c99\common\xxtofl.c estimated size: 436

MCAL_Layer/interrupt/interrupt_manager.c
		_InterruptManager		CODE           	0008	0000	278

MCAL_Layer/interrupt/interrupt_manager.c estimated size: 278

MCAL_Layer/eusart/hal_eusart.c
		_EUSART_RX_ISR 		CODE           	2712	0000	2
		_EUSART_TX_ISR 		CODE           	270E	0000	4

MCAL_Layer/eusart/hal_eusart.c estimated size: 6

ECU_Layer/motor/ecu_motor.c
		_motor_move_backward		CODE           	25FE	0000	46
		_motor_initialization		CODE           	265A	0000	38
		_motor_stop    		CODE           	25A2	0000	46
		_motor_move_forward		CODE           	25D0	0000	46

ECU_Layer/motor/ecu_motor.c estimated size: 176

MCAL_Layer/I2C/hal_i2c.c
		_MSSP_I2C_ISR  		CODE           	262C	0000	46
		_MSSP_I2C_Init 		CODE           	1A42	0000	298
		_MSSP_I2C_BC_ISR		CODE           	270A	0000	4
		_MSSP_I2C_Interrupt_config		CODE           	24EA	0000	68
		_MSSP_I2C_MODE_GPIO_CFG		CODE           	26F4	0000	6
		_I2C_Slave_Mode_Config		CODE           	26C6	0000	26
		_I2C_MASTER_MODE_CLOCK_CONFIG		CODE           	205A	0000	150

MCAL_Layer/I2C/hal_i2c.c estimated size: 598

C:\Program Files\Microchip\xc8\v2.46\pic\sources\c99\common\sprcdiv.c
		___fldiv       		CODE           	14F4	0000	922

C:\Program Files\Microchip\xc8\v2.46\pic\sources\c99\common\sprcdiv.c estimated size: 922

MCAL_Layer/Timers/hal_timer2.c
		_TMR2_ISR      		CODE           	26FE	0000	4

MCAL_Layer/Timers/hal_timer2.c estimated size: 4

MCAL_Layer/Timers/hal_timer0.c
		_TMR0_ISR      		CODE           	2706	0000	4

MCAL_Layer/Timers/hal_timer0.c estimated size: 4

shared
		__initialization		CODE           	236E	0000	88
		_keypad_value  		SMALLCONST     	1001	0000	12

shared estimated size: 100

MCAL_Layer/GPIO/hal_gpio.c
		_gpio_pin_write_logic		CODE           	1C7E	0000	272
		_gpio_pin_initialization		CODE           	2430	0000	94
		_gpio_pin_direction_initializion		CODE           	1B6C	0000	274

MCAL_Layer/GPIO/hal_gpio.c estimated size: 640

C:\Program Files\Microchip\xc8\v2.46\pic\sources\c99\common\sprcadd.c
		___fladd       		CODE           	1034	0000	1216

C:\Program Files\Microchip\xc8\v2.46\pic\sources\c99\common\sprcadd.c estimated size: 1216

ECU_Layer/ecu_layer_init.c
		_ecu_layer_initialize		CODE           	26A4	0000	34

ECU_Layer/ecu_layer_init.c estimated size: 34

application.c
		_application_initialize		CODE           	26E0	0000	14
		_main          		CODE           	1F8A	0000	208
		_I2C_DefaultInterruptHandler		CODE           	2680	0000	36

application.c estimated size: 258

MCAL_Layer/Timers/hal_timer3.c
		_TMR3_ISR      		CODE           	26FA	0000	4

MCAL_Layer/Timers/hal_timer3.c estimated size: 4

ECU_Layer/chr_lcd/chr_lcd.c
		_lcd_send_4bit 		CODE           	2162	0000	110
		_lcd_4bit_send_command		CODE           	23D0	0000	96
		_lcd_4bit_set_cusrsor		CODE           	230A	0000	100
		_lcd_4bit_send_char_data		CODE           	248E	0000	92
		_lcd_4bit_send_enable_signal		CODE           	252E	0000	64
		_lcd_4bit_send_char_string_pos		CODE           	20F0	0000	114
		_lcd_4bit_initialize		CODE           	1E94	0000	246

ECU_Layer/chr_lcd/chr_lcd.c estimated size: 822

MCAL_Layer/Timers/hal_timer1.c
		_TMR1_ISR      		CODE           	2702	0000	4

MCAL_Layer/Timers/hal_timer1.c estimated size: 4

